  pch.cpp
  Allocator.cpp
  BufferReader.cpp
  BufferWriter.cpp
  CoreGlobal.cpp
  CorePch.cpp
  CoreTLS.cpp
  DBConnection.cpp
  DBConnectionPool.cpp
  DeadLockProfiler.cpp
  IocpCore.cpp
  IocpEvent.cpp
  Listener.cpp
  Lock.cpp
  Memory.cpp
  MemoryPool.cpp
  NetAddress.cpp
  RecvBuffer.cpp
  RefCounting.cpp
  SendBuffer.cpp
  Service.cpp
  코드를 생성하고 있습니다...
  컴파일하고 있습니다...
  Session.cpp
  SocketUtils.cpp
  ThreadManager.cpp
  코드를 생성하고 있습니다...
  ServerCore.vcxproj -> C:\Users\GGI\Desktop\Server-Job-Prep-Test1\Project\IocpChatServer\Libraries\Libs\ServerCore\Debug\ServerCore.lib
