c:\users\kwak\source\repos\server-job-prep\project\cpp_server\server\gameserver\x64\debug\vc143.pdb
c:\users\kwak\source\repos\server-job-prep\project\cpp_server\server\gameserver\x64\debug\vc143.idb
c:\users\kwak\source\repos\server-job-prep\project\cpp_server\server\gameserver\x64\debug\protocol.pb.obj
c:\users\kwak\source\repos\server-job-prep\project\cpp_server\server\gameserver\x64\debug\gameserver.pch
c:\users\kwak\source\repos\server-job-prep\project\cpp_server\server\gameserver\x64\debug\pch.obj
c:\users\kwak\source\repos\server-job-prep\project\cpp_server\server\gameserver\x64\debug\serverpackethandler.obj
c:\users\kwak\source\repos\server-job-prep\project\cpp_server\server\gameserver\x64\debug\gamesessionmanager.obj
c:\users\kwak\source\repos\server-job-prep\project\cpp_server\server\gameserver\x64\debug\gamesession.obj
c:\users\kwak\source\repos\server-job-prep\project\cpp_server\server\gameserver\x64\debug\gameserver.obj
c:\users\kwak\source\repos\server-job-prep\project\cpp_server\server\binary\debug\gameserver.pdb
c:\users\kwak\source\repos\server-job-prep\project\cpp_server\server\gameserver\x64\debug\gameserver.tlog\cl.command.1.tlog
c:\users\kwak\source\repos\server-job-prep\project\cpp_server\server\gameserver\x64\debug\gameserver.tlog\cl.read.1.tlog
c:\users\kwak\source\repos\server-job-prep\project\cpp_server\server\gameserver\x64\debug\gameserver.tlog\cl.write.1.tlog
c:\users\kwak\source\repos\server-job-prep\project\cpp_server\server\gameserver\x64\debug\gameserver.tlog\link-cvtres.read.1.tlog
c:\users\kwak\source\repos\server-job-prep\project\cpp_server\server\gameserver\x64\debug\gameserver.tlog\link-cvtres.write.1.tlog
c:\users\kwak\source\repos\server-job-prep\project\cpp_server\server\gameserver\x64\debug\gameserver.tlog\link-rc.read.1.tlog
c:\users\kwak\source\repos\server-job-prep\project\cpp_server\server\gameserver\x64\debug\gameserver.tlog\link-rc.write.1.tlog
c:\users\kwak\source\repos\server-job-prep\project\cpp_server\server\gameserver\x64\debug\gameserver.tlog\link.command.1.tlog
c:\users\kwak\source\repos\server-job-prep\project\cpp_server\server\gameserver\x64\debug\gameserver.tlog\link.read.1.tlog
c:\users\kwak\source\repos\server-job-prep\project\cpp_server\server\gameserver\x64\debug\gameserver.tlog\link.read.2.tlog
c:\users\kwak\source\repos\server-job-prep\project\cpp_server\server\gameserver\x64\debug\gameserver.tlog\link.write.1.tlog
