  #pragma once
  #include "Protocol.pb.h"
  
  using PacketHandlerFunc = std::function<bool(PacketSessionRef&, BYTE*, int32)>;
  extern PacketHandlerFunc GPacketHandler[UINT16_MAX];
  
  enum : uint16
  {
  	PKT_C_LOGIN_REQ = 1000,
  	PKT_S_LOGIN_RES = 1001,
  	PKT_C_RECONNECT_REQ = 1002,
  	PKT_S_RECONNECT_RES = 1003,
  	PKT_C_PRIVATE_CHAT_REQ = 1004,
  	PKT_S_PRIVATE_CHAT_NTF = 1005,
  	PKT_C_CREATE_ROOM_REQ = 1006,
  	PKT_S_CREATE_ROOM_RES = 1007,
  	PKT_C_JOIN_ROOM_REQ = 1008,
  	PKT_S_JOIN_ROOM_RES = 1009,
  	PKT_C_ROOM_CHAT_REQ = 1010,
  	PKT_S_ROOM_CHAT_NTF = 1011,
  	PKT_C_FRIEND_ADD_REQ = 1012,
  	PKT_S_FRIEND_ADD_RES = 1013,
  	PKT_C_FRIEND_LIST_REQ = 1014,
  	PKT_S_FRIEND_LIST_RES = 1015,
  	PKT_S_PRESENCE_NTF = 1016,
  	PKT_S_RATE_LIMIT_NTF = 1017,
  	PKT_C_ADMIN_COMMAND_REQ = 1018,
  	PKT_S_ADMIN_COMMAND_RES = 1019,
  };
  
  // Custom Handlers
  bool Handle_INVALID(PacketSessionRef& session, BYTE* buffer, int32 len);
  bool Handle_C_LOGIN_REQ(PacketSessionRef& session, Protocol::C_LOGIN_REQ& pkt);
  bool Handle_C_RECONNECT_REQ(PacketSessionRef& session, Protocol::C_RECONNECT_REQ& pkt);
  bool Handle_C_PRIVATE_CHAT_REQ(PacketSessionRef& session, Protocol::C_PRIVATE_CHAT_REQ& pkt);
  bool Handle_C_CREATE_ROOM_REQ(PacketSessionRef& session, Protocol::C_CREATE_ROOM_REQ& pkt);
  bool Handle_C_JOIN_ROOM_REQ(PacketSessionRef& session, Protocol::C_JOIN_ROOM_REQ& pkt);
  bool Handle_C_ROOM_CHAT_REQ(PacketSessionRef& session, Protocol::C_ROOM_CHAT_REQ& pkt);
  bool Handle_C_FRIEND_ADD_REQ(PacketSessionRef& session, Protocol::C_FRIEND_ADD_REQ& pkt);
  bool Handle_C_FRIEND_LIST_REQ(PacketSessionRef& session, Protocol::C_FRIEND_LIST_REQ& pkt);
  bool Handle_C_ADMIN_COMMAND_REQ(PacketSessionRef& session, Protocol::C_ADMIN_COMMAND_REQ& pkt);
  
  class ClientPacketHandler
  {
  public:
  	static void Init()
  	{
  		for (int32 i = 0; i < UINT16_MAX; i++)
  			GPacketHandler[i] = Handle_INVALID;
  		GPacketHandler[PKT_C_LOGIN_REQ] = [](PacketSessionRef& session, BYTE* buffer, int32 len) { return HandlePacket<Protocol::C_LOGIN_REQ>(Handle_C_LOGIN_REQ, session, buffer, len); };
  		GPacketHandler[PKT_C_RECONNECT_REQ] = [](PacketSessionRef& session, BYTE* buffer, int32 len) { return HandlePacket<Protocol::C_RECONNECT_REQ>(Handle_C_RECONNECT_REQ, session, buffer, len); };
  		GPacketHandler[PKT_C_PRIVATE_CHAT_REQ] = [](PacketSessionRef& session, BYTE* buffer, int32 len) { return HandlePacket<Protocol::C_PRIVATE_CHAT_REQ>(Handle_C_PRIVATE_CHAT_REQ, session, buffer, len); };
  		GPacketHandler[PKT_C_CREATE_ROOM_REQ] = [](PacketSessionRef& session, BYTE* buffer, int32 len) { return HandlePacket<Protocol::C_CREATE_ROOM_REQ>(Handle_C_CREATE_ROOM_REQ, session, buffer, len); };
  		GPacketHandler[PKT_C_JOIN_ROOM_REQ] = [](PacketSessionRef& session, BYTE* buffer, int32 len) { return HandlePacket<Protocol::C_JOIN_ROOM_REQ>(Handle_C_JOIN_ROOM_REQ, session, buffer, len); };
  		GPacketHandler[PKT_C_ROOM_CHAT_REQ] = [](PacketSessionRef& session, BYTE* buffer, int32 len) { return HandlePacket<Protocol::C_ROOM_CHAT_REQ>(Handle_C_ROOM_CHAT_REQ, session, buffer, len); };
  		GPacketHandler[PKT_C_FRIEND_ADD_REQ] = [](PacketSessionRef& session, BYTE* buffer, int32 len) { return HandlePacket<Protocol::C_FRIEND_ADD_REQ>(Handle_C_FRIEND_ADD_REQ, session, buffer, len); };
  		GPacketHandler[PKT_C_FRIEND_LIST_REQ] = [](PacketSessionRef& session, BYTE* buffer, int32 len) { return HandlePacket<Protocol::C_FRIEND_LIST_REQ>(Handle_C_FRIEND_LIST_REQ, session, buffer, len); };
  		GPacketHandler[PKT_C_ADMIN_COMMAND_REQ] = [](PacketSessionRef& session, BYTE* buffer, int32 len) { return HandlePacket<Protocol::C_ADMIN_COMMAND_REQ>(Handle_C_ADMIN_COMMAND_REQ, session, buffer, len); };
  	}
  
  	static bool HandlePacket(PacketSessionRef& session, BYTE* buffer, int32 len)
  	{
  		PacketHeader* header = reinterpret_cast<PacketHeader*>(buffer);
  		return GPacketHandler[header->id](session, buffer, len);
  	}
  	static SendBufferRef MakeSendBuffer(Protocol::S_LOGIN_RES& pkt) { return MakeSendBuffer(pkt, PKT_S_LOGIN_RES); }
  	static SendBufferRef MakeSendBuffer(Protocol::S_RECONNECT_RES& pkt) { return MakeSendBuffer(pkt, PKT_S_RECONNECT_RES); }
  	static SendBufferRef MakeSendBuffer(Protocol::S_PRIVATE_CHAT_NTF& pkt) { return MakeSendBuffer(pkt, PKT_S_PRIVATE_CHAT_NTF); }
  	static SendBufferRef MakeSendBuffer(Protocol::S_CREATE_ROOM_RES& pkt) { return MakeSendBuffer(pkt, PKT_S_CREATE_ROOM_RES); }
  	static SendBufferRef MakeSendBuffer(Protocol::S_JOIN_ROOM_RES& pkt) { return MakeSendBuffer(pkt, PKT_S_JOIN_ROOM_RES); }
  	static SendBufferRef MakeSendBuffer(Protocol::S_ROOM_CHAT_NTF& pkt) { return MakeSendBuffer(pkt, PKT_S_ROOM_CHAT_NTF); }
  	static SendBufferRef MakeSendBuffer(Protocol::S_FRIEND_ADD_RES& pkt) { return MakeSendBuffer(pkt, PKT_S_FRIEND_ADD_RES); }
  	static SendBufferRef MakeSendBuffer(Protocol::S_FRIEND_LIST_RES& pkt) { return MakeSendBuffer(pkt, PKT_S_FRIEND_LIST_RES); }
  	static SendBufferRef MakeSendBuffer(Protocol::S_PRESENCE_NTF& pkt) { return MakeSendBuffer(pkt, PKT_S_PRESENCE_NTF); }
  	static SendBufferRef MakeSendBuffer(Protocol::S_RATE_LIMIT_NTF& pkt) { return MakeSendBuffer(pkt, PKT_S_RATE_LIMIT_NTF); }
  	static SendBufferRef MakeSendBuffer(Protocol::S_ADMIN_COMMAND_RES& pkt) { return MakeSendBuffer(pkt, PKT_S_ADMIN_COMMAND_RES); }
  
  private:
  	template<typename PacketType, typename ProcessFunc>
  	static bool HandlePacket(ProcessFunc func, PacketSessionRef& session, BYTE* buffer, int32 len)
  	{
  		PacketType pkt;
  		if (pkt.ParseFromArray(buffer + sizeof(PacketHeader), len - sizeof(PacketHeader)) == false)
  			return false;
  
  		return func(session, pkt);
  	}
  
  	template<typename T>
  	static SendBufferRef MakeSendBuffer(T& pkt, uint16 pktId)
  	{
  		const uint16 dataSize = static_cast<uint16>(pkt.ByteSizeLong());
  		const uint16 packetSize = dataSize + sizeof(PacketHeader);
  
  		SendBufferRef sendBuffer = GSendBufferManager->Open(packetSize);
  		PacketHeader* header = reinterpret_cast<PacketHeader*>(sendBuffer->Buffer());
  		header->size = packetSize;
  		header->id = pktId;
  		ASSERT_CRASH(pkt.SerializeToArray(&header[1], dataSize));
  		sendBuffer->Close(packetSize);
  
  		return sendBuffer;
  	}
  };
  #pragma once
  #include "Protocol.pb.h"
  
  using PacketHandlerFunc = std::function<bool(PacketSessionRef&, BYTE*, int32)>;
  extern PacketHandlerFunc GPacketHandler[UINT16_MAX];
  
  enum : uint16
  {
  	PKT_C_LOGIN_REQ = 1000,
  	PKT_S_LOGIN_RES = 1001,
  	PKT_C_RECONNECT_REQ = 1002,
  	PKT_S_RECONNECT_RES = 1003,
  	PKT_C_PRIVATE_CHAT_REQ = 1004,
  	PKT_S_PRIVATE_CHAT_NTF = 1005,
  	PKT_C_CREATE_ROOM_REQ = 1006,
  	PKT_S_CREATE_ROOM_RES = 1007,
  	PKT_C_JOIN_ROOM_REQ = 1008,
  	PKT_S_JOIN_ROOM_RES = 1009,
  	PKT_C_ROOM_CHAT_REQ = 1010,
  	PKT_S_ROOM_CHAT_NTF = 1011,
  	PKT_C_FRIEND_ADD_REQ = 1012,
  	PKT_S_FRIEND_ADD_RES = 1013,
  	PKT_C_FRIEND_LIST_REQ = 1014,
  	PKT_S_FRIEND_LIST_RES = 1015,
  	PKT_S_PRESENCE_NTF = 1016,
  	PKT_S_RATE_LIMIT_NTF = 1017,
  	PKT_C_ADMIN_COMMAND_REQ = 1018,
  	PKT_S_ADMIN_COMMAND_RES = 1019,
  };
  
  // Custom Handlers
  bool Handle_INVALID(PacketSessionRef& session, BYTE* buffer, int32 len);
  bool Handle_S_LOGIN_RES(PacketSessionRef& session, Protocol::S_LOGIN_RES& pkt);
  bool Handle_S_RECONNECT_RES(PacketSessionRef& session, Protocol::S_RECONNECT_RES& pkt);
  bool Handle_S_PRIVATE_CHAT_NTF(PacketSessionRef& session, Protocol::S_PRIVATE_CHAT_NTF& pkt);
  bool Handle_S_CREATE_ROOM_RES(PacketSessionRef& session, Protocol::S_CREATE_ROOM_RES& pkt);
  bool Handle_S_JOIN_ROOM_RES(PacketSessionRef& session, Protocol::S_JOIN_ROOM_RES& pkt);
  bool Handle_S_ROOM_CHAT_NTF(PacketSessionRef& session, Protocol::S_ROOM_CHAT_NTF& pkt);
  bool Handle_S_FRIEND_ADD_RES(PacketSessionRef& session, Protocol::S_FRIEND_ADD_RES& pkt);
  bool Handle_S_FRIEND_LIST_RES(PacketSessionRef& session, Protocol::S_FRIEND_LIST_RES& pkt);
  bool Handle_S_PRESENCE_NTF(PacketSessionRef& session, Protocol::S_PRESENCE_NTF& pkt);
  bool Handle_S_RATE_LIMIT_NTF(PacketSessionRef& session, Protocol::S_RATE_LIMIT_NTF& pkt);
  bool Handle_S_ADMIN_COMMAND_RES(PacketSessionRef& session, Protocol::S_ADMIN_COMMAND_RES& pkt);
  
  class ServerPacketHandler
  {
  public:
  	static void Init()
  	{
  		for (int32 i = 0; i < UINT16_MAX; i++)
  			GPacketHandler[i] = Handle_INVALID;
  		GPacketHandler[PKT_S_LOGIN_RES] = [](PacketSessionRef& session, BYTE* buffer, int32 len) { return HandlePacket<Protocol::S_LOGIN_RES>(Handle_S_LOGIN_RES, session, buffer, len); };
  		GPacketHandler[PKT_S_RECONNECT_RES] = [](PacketSessionRef& session, BYTE* buffer, int32 len) { return HandlePacket<Protocol::S_RECONNECT_RES>(Handle_S_RECONNECT_RES, session, buffer, len); };
  		GPacketHandler[PKT_S_PRIVATE_CHAT_NTF] = [](PacketSessionRef& session, BYTE* buffer, int32 len) { return HandlePacket<Protocol::S_PRIVATE_CHAT_NTF>(Handle_S_PRIVATE_CHAT_NTF, session, buffer, len); };
  		GPacketHandler[PKT_S_CREATE_ROOM_RES] = [](PacketSessionRef& session, BYTE* buffer, int32 len) { return HandlePacket<Protocol::S_CREATE_ROOM_RES>(Handle_S_CREATE_ROOM_RES, session, buffer, len); };
  		GPacketHandler[PKT_S_JOIN_ROOM_RES] = [](PacketSessionRef& session, BYTE* buffer, int32 len) { return HandlePacket<Protocol::S_JOIN_ROOM_RES>(Handle_S_JOIN_ROOM_RES, session, buffer, len); };
  		GPacketHandler[PKT_S_ROOM_CHAT_NTF] = [](PacketSessionRef& session, BYTE* buffer, int32 len) { return HandlePacket<Protocol::S_ROOM_CHAT_NTF>(Handle_S_ROOM_CHAT_NTF, session, buffer, len); };
  		GPacketHandler[PKT_S_FRIEND_ADD_RES] = [](PacketSessionRef& session, BYTE* buffer, int32 len) { return HandlePacket<Protocol::S_FRIEND_ADD_RES>(Handle_S_FRIEND_ADD_RES, session, buffer, len); };
  		GPacketHandler[PKT_S_FRIEND_LIST_RES] = [](PacketSessionRef& session, BYTE* buffer, int32 len) { return HandlePacket<Protocol::S_FRIEND_LIST_RES>(Handle_S_FRIEND_LIST_RES, session, buffer, len); };
  		GPacketHandler[PKT_S_PRESENCE_NTF] = [](PacketSessionRef& session, BYTE* buffer, int32 len) { return HandlePacket<Protocol::S_PRESENCE_NTF>(Handle_S_PRESENCE_NTF, session, buffer, len); };
  		GPacketHandler[PKT_S_RATE_LIMIT_NTF] = [](PacketSessionRef& session, BYTE* buffer, int32 len) { return HandlePacket<Protocol::S_RATE_LIMIT_NTF>(Handle_S_RATE_LIMIT_NTF, session, buffer, len); };
  		GPacketHandler[PKT_S_ADMIN_COMMAND_RES] = [](PacketSessionRef& session, BYTE* buffer, int32 len) { return HandlePacket<Protocol::S_ADMIN_COMMAND_RES>(Handle_S_ADMIN_COMMAND_RES, session, buffer, len); };
  	}
  
  	static bool HandlePacket(PacketSessionRef& session, BYTE* buffer, int32 len)
  	{
  		PacketHeader* header = reinterpret_cast<PacketHeader*>(buffer);
  		return GPacketHandler[header->id](session, buffer, len);
  	}
  	static SendBufferRef MakeSendBuffer(Protocol::C_LOGIN_REQ& pkt) { return MakeSendBuffer(pkt, PKT_C_LOGIN_REQ); }
  	static SendBufferRef MakeSendBuffer(Protocol::C_RECONNECT_REQ& pkt) { return MakeSendBuffer(pkt, PKT_C_RECONNECT_REQ); }
  	static SendBufferRef MakeSendBuffer(Protocol::C_PRIVATE_CHAT_REQ& pkt) { return MakeSendBuffer(pkt, PKT_C_PRIVATE_CHAT_REQ); }
  	static SendBufferRef MakeSendBuffer(Protocol::C_CREATE_ROOM_REQ& pkt) { return MakeSendBuffer(pkt, PKT_C_CREATE_ROOM_REQ); }
  	static SendBufferRef MakeSendBuffer(Protocol::C_JOIN_ROOM_REQ& pkt) { return MakeSendBuffer(pkt, PKT_C_JOIN_ROOM_REQ); }
  	static SendBufferRef MakeSendBuffer(Protocol::C_ROOM_CHAT_REQ& pkt) { return MakeSendBuffer(pkt, PKT_C_ROOM_CHAT_REQ); }
  	static SendBufferRef MakeSendBuffer(Protocol::C_FRIEND_ADD_REQ& pkt) { return MakeSendBuffer(pkt, PKT_C_FRIEND_ADD_REQ); }
  	static SendBufferRef MakeSendBuffer(Protocol::C_FRIEND_LIST_REQ& pkt) { return MakeSendBuffer(pkt, PKT_C_FRIEND_LIST_REQ); }
  	static SendBufferRef MakeSendBuffer(Protocol::C_ADMIN_COMMAND_REQ& pkt) { return MakeSendBuffer(pkt, PKT_C_ADMIN_COMMAND_REQ); }
  
  private:
  	template<typename PacketType, typename ProcessFunc>
  	static bool HandlePacket(ProcessFunc func, PacketSessionRef& session, BYTE* buffer, int32 len)
  	{
  		PacketType pkt;
  		if (pkt.ParseFromArray(buffer + sizeof(PacketHeader), len - sizeof(PacketHeader)) == false)
  			return false;
  
  		return func(session, pkt);
  	}
  
  	template<typename T>
  	static SendBufferRef MakeSendBuffer(T& pkt, uint16 pktId)
  	{
  		const uint16 dataSize = static_cast<uint16>(pkt.ByteSizeLong());
  		const uint16 packetSize = dataSize + sizeof(PacketHeader);
  
  		SendBufferRef sendBuffer = GSendBufferManager->Open(packetSize);
  		PacketHeader* header = reinterpret_cast<PacketHeader*>(sendBuffer->Buffer());
  		header->size = packetSize;
  		header->id = pktId;
  		ASSERT_CRASH(pkt.SerializeToArray(&header[1], dataSize));
  		sendBuffer->Close(packetSize);
  
  		return sendBuffer;
  	}
  };
  C:Enum.pb.h
  1개 파일이 복사되었습니다.
  C:Enum.pb.cc
  1개 파일이 복사되었습니다.
  C:Struct.pb.h
  1개 파일이 복사되었습니다.
  C:Struct.pb.cc
  1개 파일이 복사되었습니다.
  C:Protocol.pb.h
  1개 파일이 복사되었습니다.
  C:Protocol.pb.cc
  1개 파일이 복사되었습니다.
  C:ClientPacketHandler.h
  1개 파일이 복사되었습니다.
  C:Enum.pb.h
  1개 파일이 복사되었습니다.
  C:Enum.pb.cc
  1개 파일이 복사되었습니다.
  C:Struct.pb.h
  1개 파일이 복사되었습니다.
  C:Struct.pb.cc
  1개 파일이 복사되었습니다.
  C:Protocol.pb.h
  1개 파일이 복사되었습니다.
  C:Protocol.pb.cc
  1개 파일이 복사되었습니다.
  C:ServerPacketHandler.h
  1개 파일이 복사되었습니다.
  계속하려면 아무 키나 누르십시오 . . . 
  DummyClient.cpp
  ServerPacketHandler.cpp
  코드를 생성하고 있습니다...
  Enum.pb.cc
  Protocol.pb.cc
  Struct.pb.cc
  코드를 생성하고 있습니다...
  DummyClient.vcxproj -> C:\Users\GGI\Desktop\Ky\Github\Repo\MyCSStudy\Project\IocpChatServer\Binary\Debug\DummyClient.exe
