  pch.cpp
  Allocator.cpp
  BufferReader.cpp
  BufferWriter.cpp
  CoreGlobal.cpp
  CorePch.cpp
  CoreTLS.cpp
  DBConnection.cpp
  DBConnectionPool.cpp
  DeadLockProfiler.cpp
  IocpCore.cpp
  IocpEvent.cpp
  Listener.cpp
  Lock.cpp
  Memory.cpp
  MemoryPool.cpp
  Metrics.cpp
  MetricsRunner.cpp
  NetAddress.cpp
  RecvBuffer.cpp
  RefCounting.cpp
  컴파일하고 있습니다...
  SendBuffer.cpp
  Service.cpp
  Session.cpp
  SocketUtils.cpp
  ThreadManager.cpp
  ServerCore.vcxproj -> C:\Users\GGI\Desktop\Ky\Github\Repo\MyCSStudy\Project\IocpChatServer\Libraries\Libs\ServerCore\Release\ServerCore.lib
